// Jest Snapshot v1, https://goo.gl/fbAQLP

exports[`Testing App() Component should take a snapshot 1`] = `
<DocumentFragment>
  <div
    class="App"
  >
    <div
      class="container"
    >
      <div
        class="row"
      >
        <div
          class="col-md-6"
        >
          <form>
            <div
              class="row"
            >
              <h3>
                Skills
              </h3>
              <div
                class="form-inline form-group mb-2"
              >
                <label>
                  Skill 1
                </label>
                <input
                  name="skill"
                  style="padding: 2px; text-align: left; margin-right: 5px; margin-left: 5px;"
                  type="text"
                  value="Thing 1"
                />
                <button
                  class="btn btn-danger"
                  data-testid="removeSkill-button"
                  type="button"
                >
                  Remove
                </button>
              </div>
              <div
                class="form-inline form-group mb-2"
              >
                <label>
                  Skill 2
                </label>
                <input
                  name="skill"
                  style="padding: 2px; text-align: left; margin-right: 5px; margin-left: 5px;"
                  type="text"
                  value="Thing 2"
                />
                <button
                  class="btn btn-danger"
                  data-testid="removeSkill-button"
                  type="button"
                >
                  Remove
                </button>
              </div>
              <div
                class="form-inline form-group mb-2"
              >
                <label>
                  Skill 3
                </label>
                <input
                  name="skill"
                  style="padding: 2px; text-align: left; margin-right: 5px; margin-left: 5px;"
                  type="text"
                  value="Thing 3"
                />
                <button
                  class="btn btn-danger"
                  data-testid="removeSkill-button"
                  type="button"
                >
                  Remove
                </button>
              </div>
              <div
                class="form-inline form-group mb-2"
              >
                <label>
                  Skill 4
                </label>
                <input
                  name="skill"
                  style="padding: 2px; text-align: left; margin-right: 5px; margin-left: 5px;"
                  type="text"
                  value="Thing 4"
                />
                <button
                  class="btn btn-danger"
                  data-testid="removeSkill-button"
                  type="button"
                >
                  Remove
                </button>
              </div>
              <div
                class="form-inline form-group mb-2"
              >
                <label>
                  Skill 5
                </label>
                <input
                  name="skill"
                  style="padding: 2px; text-align: left; margin-right: 5px; margin-left: 5px;"
                  type="text"
                  value="Thing 5"
                />
                <button
                  class="btn btn-danger"
                  data-testid="removeSkill-button"
                  type="button"
                >
                  Remove
                </button>
              </div>
              <div
                class="form-inline form-group mb-2"
              >
                <label>
                  Skill 6
                </label>
                <input
                  name="skill"
                  style="padding: 2px; text-align: left; margin-right: 5px; margin-left: 5px;"
                  type="text"
                  value="Thing 6"
                />
                <button
                  class="btn btn-danger"
                  data-testid="removeSkill-button"
                  type="button"
                >
                  Remove
                </button>
              </div>
              <div
                class="button-section"
              >
                <button
                  class="btn btn-primary"
                  data-testid="addSkill-button"
                  type="button"
                >
                  Add
                </button>
              </div>
            </div>
            <div
              class="row"
            >
              <div
                class="col-md-6"
              >
                <h3>
                  Requirements
                </h3>
                <div
                  class="form-inline form-group mb-2"
                >
                  <label>
                    Thing 1
                  </label>
                  <input
                    data-testid="requirement-input"
                    name="requirement"
                    style="padding: 2px; width: 50px; text-align: center; margin-right: 5px; margin-left: 5px;"
                    type="number"
                    value="2"
                  />
                  <button
                    class="btn btn-warning"
                    data-testid="resetRequirement-button"
                    type="button"
                  >
                    Reset
                  </button>
                </div>
                <div
                  class="form-inline form-group mb-2"
                >
                  <label>
                    Thing 2
                  </label>
                  <input
                    data-testid="requirement-input"
                    name="requirement"
                    style="padding: 2px; width: 50px; text-align: center; margin-right: 5px; margin-left: 5px;"
                    type="number"
                    value="9"
                  />
                  <button
                    class="btn btn-warning"
                    data-testid="resetRequirement-button"
                    type="button"
                  >
                    Reset
                  </button>
                </div>
                <div
                  class="form-inline form-group mb-2"
                >
                  <label>
                    Thing 3
                  </label>
                  <input
                    data-testid="requirement-input"
                    name="requirement"
                    style="padding: 2px; width: 50px; text-align: center; margin-right: 5px; margin-left: 5px;"
                    type="number"
                    value="3"
                  />
                  <button
                    class="btn btn-warning"
                    data-testid="resetRequirement-button"
                    type="button"
                  >
                    Reset
                  </button>
                </div>
                <div
                  class="form-inline form-group mb-2"
                >
                  <label>
                    Thing 4
                  </label>
                  <input
                    data-testid="requirement-input"
                    name="requirement"
                    style="padding: 2px; width: 50px; text-align: center; margin-right: 5px; margin-left: 5px;"
                    type="number"
                    value="5"
                  />
                  <button
                    class="btn btn-warning"
                    data-testid="resetRequirement-button"
                    type="button"
                  >
                    Reset
                  </button>
                </div>
                <div
                  class="form-inline form-group mb-2"
                >
                  <label>
                    Thing 5
                  </label>
                  <input
                    data-testid="requirement-input"
                    name="requirement"
                    style="padding: 2px; width: 50px; text-align: center; margin-right: 5px; margin-left: 5px;"
                    type="number"
                    value="2"
                  />
                  <button
                    class="btn btn-warning"
                    data-testid="resetRequirement-button"
                    type="button"
                  >
                    Reset
                  </button>
                </div>
                <div
                  class="form-inline form-group mb-2"
                >
                  <label>
                    Thing 6
                  </label>
                  <input
                    data-testid="requirement-input"
                    name="requirement"
                    style="padding: 2px; width: 50px; text-align: center; margin-right: 5px; margin-left: 5px;"
                    type="number"
                    value="3"
                  />
                  <button
                    class="btn btn-warning"
                    data-testid="resetRequirement-button"
                    type="button"
                  >
                    Reset
                  </button>
                </div>
              </div>
              <div
                class="col-md-6"
              >
                <h3>
                  Achievements
                </h3>
                <div
                  class="form-inline form-group mb-2"
                >
                  <label>
                    Thing 1
                  </label>
                  <input
                    data-testid="achievement-input"
                    name="achievements"
                    style="padding: 2px; width: 50px; text-align: center; margin-right: 5px; margin-left: 5px;"
                    type="number"
                    value="2"
                  />
                  <button
                    class="btn btn-warning"
                    data-testid="resetAchievement-button"
                    type="button"
                  >
                    Reset
                  </button>
                </div>
                <div
                  class="form-inline form-group mb-2"
                >
                  <label>
                    Thing 2
                  </label>
                  <input
                    data-testid="achievement-input"
                    name="achievements"
                    style="padding: 2px; width: 50px; text-align: center; margin-right: 5px; margin-left: 5px;"
                    type="number"
                    value="9"
                  />
                  <button
                    class="btn btn-warning"
                    data-testid="resetAchievement-button"
                    type="button"
                  >
                    Reset
                  </button>
                </div>
                <div
                  class="form-inline form-group mb-2"
                >
                  <label>
                    Thing 3
                  </label>
                  <input
                    data-testid="achievement-input"
                    name="achievements"
                    style="padding: 2px; width: 50px; text-align: center; margin-right: 5px; margin-left: 5px;"
                    type="number"
                    value="3"
                  />
                  <button
                    class="btn btn-warning"
                    data-testid="resetAchievement-button"
                    type="button"
                  >
                    Reset
                  </button>
                </div>
                <div
                  class="form-inline form-group mb-2"
                >
                  <label>
                    Thing 4
                  </label>
                  <input
                    data-testid="achievement-input"
                    name="achievements"
                    style="padding: 2px; width: 50px; text-align: center; margin-right: 5px; margin-left: 5px;"
                    type="number"
                    value="5"
                  />
                  <button
                    class="btn btn-warning"
                    data-testid="resetAchievement-button"
                    type="button"
                  >
                    Reset
                  </button>
                </div>
                <div
                  class="form-inline form-group mb-2"
                >
                  <label>
                    Thing 5
                  </label>
                  <input
                    data-testid="achievement-input"
                    name="achievements"
                    style="padding: 2px; width: 50px; text-align: center; margin-right: 5px; margin-left: 5px;"
                    type="number"
                    value="2"
                  />
                  <button
                    class="btn btn-warning"
                    data-testid="resetAchievement-button"
                    type="button"
                  >
                    Reset
                  </button>
                </div>
                <div
                  class="form-inline form-group mb-2"
                >
                  <label>
                    Thing 6
                  </label>
                  <input
                    data-testid="achievement-input"
                    name="achievements"
                    style="padding: 2px; width: 50px; text-align: center; margin-right: 5px; margin-left: 5px;"
                    type="number"
                    value="3"
                  />
                  <button
                    class="btn btn-warning"
                    data-testid="resetAchievement-button"
                    type="button"
                  >
                    Reset
                  </button>
                </div>
              </div>
            </div>
            <div
              class="button-section"
            >
              <button
                class="btn btn-primary"
                type="submit"
              >
                Submit
              </button>
            </div>
          </form>
        </div>
        <div
          class="col-md-6"
        >
          <canvas
            height="0"
            role="img"
            style="display: block; box-sizing: border-box; height: 0px; width: 0px;"
            width="0"
          />
        </div>
      </div>
    </div>
  </div>
</DocumentFragment>
`;
