// Jest Snapshot v1, https://goo.gl/fbAQLP

exports[`Achievements() Component should take a snapshot 1`] = `
<DocumentFragment>
  <div
    class="col-md-6"
  >
    <h3>
      Achievements
    </h3>
    <div
      class="form-inline form-group mb-2"
    >
      <label>
        Thing 1
      </label>
      <input
        name="requirement"
        style="padding: 2px; width: 50px; text-align: center; margin-right: 5px; margin-left: 5px;"
        type="number"
        value="1"
      />
      <button
        class="btn btn-warning"
        type="button"
      >
        Reset
      </button>
    </div>
    <div
      class="form-inline form-group mb-2"
    >
      <label>
        Thing 2
      </label>
      <input
        name="requirement"
        style="padding: 2px; width: 50px; text-align: center; margin-right: 5px; margin-left: 5px;"
        type="number"
        value="2"
      />
      <button
        class="btn btn-warning"
        type="button"
      >
        Reset
      </button>
    </div>
    <div
      class="form-inline form-group mb-2"
    >
      <label>
        Thing 3
      </label>
      <input
        name="requirement"
        style="padding: 2px; width: 50px; text-align: center; margin-right: 5px; margin-left: 5px;"
        type="number"
        value="3"
      />
      <button
        class="btn btn-warning"
        type="button"
      >
        Reset
      </button>
    </div>
    <div
      class="form-inline form-group mb-2"
    >
      <label>
        Thing 4
      </label>
      <input
        name="requirement"
        style="padding: 2px; width: 50px; text-align: center; margin-right: 5px; margin-left: 5px;"
        type="number"
        value="4"
      />
      <button
        class="btn btn-warning"
        type="button"
      >
        Reset
      </button>
    </div>
    <div
      class="form-inline form-group mb-2"
    >
      <label>
        Thing 5
      </label>
      <input
        name="requirement"
        style="padding: 2px; width: 50px; text-align: center; margin-right: 5px; margin-left: 5px;"
        type="number"
        value="5"
      />
      <button
        class="btn btn-warning"
        type="button"
      >
        Reset
      </button>
    </div>
    <div
      class="form-inline form-group mb-2"
    >
      <label>
        Thing 6
      </label>
      <input
        name="requirement"
        style="padding: 2px; width: 50px; text-align: center; margin-right: 5px; margin-left: 5px;"
        type="number"
        value="6"
      />
      <button
        class="btn btn-warning"
        type="button"
      >
        Reset
      </button>
    </div>
  </div>
</DocumentFragment>
`;
